=== 07:57:40 rampup 50 dense (load 1.09)
=== 07:58:46 rampup 50 structured (load 3.63)
=== 07:59:43 rampup 100 dense (load 2.59)
=== 08:01:37 rampup 100 structured (load 2.88)
=== 08:02:42 rampup_global 50 dense (load 2.91)
=== 08:03:57 rampup_global 50 structured (load 3.78)
=== 08:05:10 rampup_global 100 dense (load 3.09)
=== 08:07:03 rampup_global 100 structured (load 5.17)
=== 08:08:21 predictor_corrector 25 dense (load 3.86)
=== 08:08:59 predictor_corrector 25 structured (load 2.82)
=== 08:09:43 predictor_corrector 50 dense (load 2.28)
=== 08:10:31 predictor_corrector 50 structured (load 2.82)
=== 08:11:16 predictor_corrector 100 dense (load 2.31)
=== 08:12:56 predictor_corrector 100 structured (load 3.61)
DRIVER_DONE
{"run": 2, "wall_s": 9.041840360000037, "compiles": 0, "compile_s": 0, "steps": 40, "t_final": 80.0, "T_e0": 8.573953583921702}, {"run": 3, "wall_s": 8.834874058000082, "compiles": 0, "compile_s": 0, "steps": 40, "t_final": 80.0, "T_e0": 8.573953583921702}]}
RUN {"run": 1, "wall_s": 45.99543786700008, "compiles": 53, "compile_s": 34.530168294906616, "steps": 40, "t_final": 80.0, "T_e0": 8.573953583921764}
RUN {"run": 2, "wall_s": 3.3552492110000003, "compiles": 0, "compile_s": 0, "steps": 40, "t_final": 80.0, "T_e0": 8.573953583921764}
RUN {"run": 3, "wall_s": 3.3670009080001364, "compiles": 0, "compile_s": 0, "steps": 40, "t_final": 80.0, "T_e0": 8.573953583921764}
RESULT {"case": "rampup", "n_rho": 50, "mode": "structured", "import_s": 2.5090593139999555, "process_s": 55.23575963699989, "runs": [{"run": 1, "wall_s": 45.99543786700008, "compiles": 53, "compile_s": 34.530168294906616, "steps": 40, "t_final": 80.0, "T_e0": 8.573953583921764}, {"run": 2, "wall_s": 3.3552492110000003, "compiles": 0, "compile_s": 0, "steps": 40, "t_final": 80.0, "T_e0": 8.573953583921764}, {"run": 3, "wall_s": 3.3670009080001364, "compiles": 0, "compile_s": 0, "steps": 40, "t_final": 80.0, "T_e0": 8.573953583921764}]}
RUN {"run": 1, "wall_s": 61.44765216199994, "compiles": 53, "compile_s": 29.21041202545166, "steps": 40, "t_final": 80.0, "T_e0": 8.574332954907524}
RUN {"run": 2, "wall_s": 24.460598481000034, "compiles": 0, "compile_s": 0, "steps": 40, "t_final": 80.0, "T_e0": 8.574332954907524}
RUN {"run": 3, "wall_s": 23.74903564100009, "compiles": 0, "compile_s": 0, "steps": 40, "t_final": 80.0, "T_e0": 8.574332954907524}
RESULT {"case": "rampup", "n_rho": 100, "mode": "dense", "import_s": 2.6001962330001334, "process_s": 112.26260402699995, "runs": [{"run": 1, "wall_s": 61.44765216199994, "compiles": 53, "compile_s": 29.21041202545166, "steps": 40, "t_final": 80.0, "T_e0": 8.574332954907524}, {"run": 2, "wall_s": 24.460598481000034, "compiles": 0, "compile_s": 0, "steps": 40, "t_final": 80.0, "T_e0": 8.574332954907524}, {"run": 3, "wall_s": 23.74903564100009, "compiles": 0, "compile_s": 0, "steps": 40, "t_final": 80.0, "T_e0": 8.574332954907524}]}
RUN {"run": 1, "wall_s": 48.747560265000175, "compiles": 53, "compile_s": 34.81863045692444, "steps": 40, "t_final": 80.0, "T_e0": 8.574332954907288}
RUN {"run": 2, "wall_s": 5.977346261000093, "compiles": 0, "compile_s": 0, "steps": 40, "t_final": 80.0, "T_e0": 8.574332954907288}
RUN {"run": 3, "wall_s": 5.718250100999967, "compiles": 0, "compile_s": 0, "steps": 40, "t_final": 80.0, "T_e0": 8.574332954907288}
RESULT {"case": "rampup", "n_rho": 100, "mode": "structured", "import_s": 2.4287213990000964, "process_s": 62.88019838900004, "runs": [{"run": 1, "wall_s": 48.747560265000175, "compiles": 53, "compile_s": 34.81863045692444, "steps": 40, "t_final": 80.0, "T_e0": 8.574332954907288}, {"run": 2, "wall_s": 5.977346261000093, "compiles": 0, "compile_s": 0, "steps": 40, "t_final": 80.0, "T_e0": 8.574332954907288}, {"run": 3, "wall_s": 5.718250100999967, "compiles": 0, "compile_s": 0, "steps": 40, "t_final": 80.0, "T_e0": 8.574332954907288}]}
RUN {"run": 1, "wall_s": 50.41995792900002, "compiles": 60, "compile_s": 32.81514644622803, "steps": 40, "t_final": 80.0, "T_e0": 9.05114766010277}
RUN {"run": 2, "wall_s": 10.217435213000044, "compiles": 0, "compile_s": 0, "steps": 40, "t_final": 80.0, "T_e0": 9.05114766010277}
RUN {"run": 3, "wall_s": 10.4582627960001, "compiles": 0, "compile_s": 0, "steps": 40, "t_final": 80.0, "T_e0": 9.05114766010277}
RESULT {"case": "rampup_global", "n_rho": 50, "mode": "dense", "import_s": 2.538957820000178, "process_s": 73.63968924000005, "runs": [{"run": 1, "wall_s": 50.41995792900002, "compiles": 60, "compile_s": 32.81514644622803, "steps": 40, "t_final": 80.0, "T_e0": 9.05114766010277}, {"run": 2, "wall_s": 10.217435213000044, "compiles": 0, "compile_s": 0, "steps": 40, "t_final": 80.0, "T_e0": 9.05114766010277}, {"run": 3, "wall_s": 10.4582627960001, "compiles": 0, "compile_s": 0, "steps": 40, "t_final": 80.0, "T_e0": 9.05114766010277}]}
RUN {"run": 1, "wall_s": 59.57285868100007, "compiles": 60, "compile_s": 45.69615197181702, "steps": 40, "t_final": 80.0, "T_e0": 9.05114766010284}
RUN {"run": 2, "wall_s": 4.322270975000038, "compiles": 0, "compile_s": 0, "steps": 40, "t_final": 80.0, "T_e0": 9.05114766010284}
RUN {"run": 3, "wall_s": 4.594258518000061, "compiles": 0, "compile_s": 0, "steps": 40, "t_final": 80.0, "T_e0": 9.05114766010284}
RESULT {"case": "rampup_global", "n_rho": 50, "mode": "structured", "import_s": 2.393694764999964, "process_s": 70.89289183899996, "runs": [{"run": 1, "wall_s": 59.57285868100007, "compiles": 60, "compile_s": 45.69615197181702, "steps": 40, "t_final": 80.0, "T_e0": 9.05114766010284}, {"run": 2, "wall_s": 4.322270975000038, "compiles": 0, "compile_s": 0, "steps": 40, "t_final": 80.0, "T_e0": 9.05114766010284}, {"run": 3, "wall_s": 4.594258518000061, "compiles": 0, "compile_s": 0, "steps": 40, "t_final": 80.0, "T_e0": 9.05114766010284}]}
RUN {"run": 1, "wall_s": 63.32517834999999, "compiles": 60, "compile_s": 32.65424060821533, "steps": 40, "t_final": 80.0, "T_e0": 9.05277802345775}
RUN {"run": 2, "wall_s": 22.76706037300005, "compiles": 0, "compile_s": 0, "steps": 40, "t_final": 80.0, "T_e0": 9.05277802345775}
RUN {"run": 3, "wall_s": 23.114774921999924, "compiles": 0, "compile_s": 0, "steps": 40, "t_final": 80.0, "T_e0": 9.05277802345775}
RESULT {"case": "rampup_global", "n_rho": 100, "mode": "dense", "import_s": 2.486699327999986, "process_s": 111.7029562130001, "runs": [{"run": 1, "wall_s": 63.32517834999999, "compiles": 60, "compile_s": 32.65424060821533, "steps": 40, "t_final": 80.0, "T_e0": 9.05277802345775}, {"run": 2, "wall_s": 22.76706037300005, "compiles": 0, "compile_s": 0, "steps": 40, "t_final": 80.0, "T_e0": 9.05277802345775}, {"run": 3, "wall_s": 23.114774921999924, "compiles": 0, "compile_s": 0, "steps": 40, "t_final": 80.0, "T_e0": 9.05277802345775}]}
RUN {"run": 1, "wall_s": 60.779765832000066, "compiles": 60, "compile_s": 44.94593834877014, "steps": 40, "t_final": 80.0, "T_e0": 9.052778023457773}
RUN {"run": 2, "wall_s": 6.607730904999926, "compiles": 0, "compile_s": 0, "steps": 40, "t_final": 80.0, "T_e0": 9.052778023457773}
RUN {"run": 3, "wall_s": 6.862431693999952, "compiles": 0, "compile_s": 0, "steps": 40, "t_final": 80.0, "T_e0": 9.052778023457773}
RESULT {"case": "rampup_global", "n_rho": 100, "mode": "structured", "import_s": 2.508505398999887, "process_s": 76.76822685100001, "runs": [{"run": 1, "wall_s": 60.779765832000066, "compiles": 60, "compile_s": 44.94593834877014, "steps": 40, "t_final": 80.0, "T_e0": 9.052778023457773}, {"run": 2, "wall_s": 6.607730904999926, "compiles": 0, "compile_s": 0, "steps": 40, "t_final": 80.0, "T_e0": 9.052778023457773}, {"run": 3, "wall_s": 6.862431693999952, "compiles": 0, "compile_s": 0, "steps": 40, "t_final": 80.0, "T_e0": 9.052778023457773}]}
RUN {"run": 1, "wall_s": 32.579580373, "compiles": 53, "compile_s": 25.863760709762573, "steps": 5, "t_final": 1.0, "T_e0": 26.915002180529154}
RUN {"run": 2, "wall_s": 0.5272902579999936, "compiles": 0, "compile_s": 0, "steps": 5, "t_final": 1.0, "T_e0": 26.915002180529154}
RUN {"run": 3, "wall_s": 0.5286978970000291, "compiles": 0, "compile_s": 0, "steps": 5, "t_final": 1.0, "T_e0": 26.915002180529154}
RESULT {"case": "predictor_corrector", "n_rho": 25, "mode": "dense", "import_s": 2.4968486160000793, "process_s": 36.13647990100003, "runs": [{"run": 1, "wall_s": 32.579580373, "compiles": 53, "compile_s": 25.863760709762573, "steps": 5, "t_final": 1.0, "T_e0": 26.915002180529154}, {"run": 2, "wall_s": 0.5272902579999936, "compiles": 0, "compile_s": 0, "steps": 5, "t_final": 1.0, "T_e0": 26.915002180529154}, {"run": 3, "wall_s": 0.5286978970000291, "compiles": 0, "compile_s": 0, "steps": 5, "t_final": 1.0, "T_e0": 26.915002180529154}]}
RUN {"run": 1, "wall_s": 38.76439889099993, "compiles": 53, "compile_s": 30.78193235397339, "steps": 5, "t_final": 1.0, "T_e0": 26.915002180529104}
RUN {"run": 2, "wall_s": 0.35241423499996927, "compiles": 0, "compile_s": 0, "steps": 5, "t_final": 1.0, "T_e0": 26.915002180529104}
RUN {"run": 3, "wall_s": 0.38874101500005054, "compiles": 0, "compile_s": 0, "steps": 5, "t_final": 1.0, "T_e0": 26.915002180529104}
RESULT {"case": "predictor_corrector", "n_rho": 25, "mode": "structured", "import_s": 2.5165028740000253, "process_s": 42.03034234400002, "runs": [{"run": 1, "wall_s": 38.76439889099993, "compiles": 53, "compile_s": 30.78193235397339, "steps": 5, "t_final": 1.0, "T_e0": 26.915002180529104}, {"run": 2, "wall_s": 0.35241423499996927, "compiles": 0, "compile_s": 0, "steps": 5, "t_final": 1.0, "T_e0": 26.915002180529104}, {"run": 3, "wall_s": 0.38874101500005054, "compiles": 0, "compile_s": 0, "steps": 5, "t_final": 1.0, "T_e0": 26.915002180529104}]}
RUN {"run": 1, "wall_s": 36.97728069300001, "compiles": 53, "compile_s": 27.41161274909973, "steps": 13, "t_final": 1.0, "T_e0": 26.498823816685107}
RUN {"run": 2, "wall_s": 3.610824601999866, "compiles": 0, "compile_s": 0, "steps": 13, "t_final": 1.0, "T_e0": 26.498823816685107}
RUN {"run": 3, "wall_s": 3.5365028999999595, "compiles": 0, "compile_s": 0, "steps": 13, "t_final": 1.0, "T_e0": 26.498823816685107}
RESULT {"case": "predictor_corrector", "n_rho": 50, "mode": "dense", "import_s": 2.3335947020000276, "process_s": 46.46502633099999, "runs": [{"run": 1, "wall_s": 36.97728069300001, "compiles": 53, "compile_s": 27.41161274909973, "steps": 13, "t_final": 1.0, "T_e0": 26.498823816685107}, {"run": 2, "wall_s": 3.610824601999866, "compiles": 0, "compile_s": 0, "steps": 13, "t_final": 1.0, "T_e0": 26.498823816685107}, {"run": 3, "wall_s": 3.5365028999999595, "compiles": 0, "compile_s": 0, "steps": 13, "t_final": 1.0, "T_e0": 26.498823816685107}]}
RUN {"run": 1, "wall_s": 38.895340013999885, "compiles": 53, "compile_s": 30.03842568397522, "steps": 13, "t_final": 1.0, "T_e0": 26.498823816685412}
RUN {"run": 2, "wall_s": 1.028482282000141, "compiles": 0, "compile_s": 0, "steps": 13, "t_final": 1.0, "T_e0": 26.498823816685412}
RUN {"run": 3, "wall_s": 1.065244446999941, "compiles": 0, "compile_s": 0, "steps": 13, "t_final": 1.0, "T_e0": 26.498823816685412}
RESULT {"case": "predictor_corrector", "n_rho": 50, "mode": "structured", "import_s": 2.572232521999922, "process_s": 43.56572736099997, "runs": [{"run": 1, "wall_s": 38.895340013999885, "compiles": 53, "compile_s": 30.03842568397522, "steps": 13, "t_final": 1.0, "T_e0": 26.498823816685412}, {"run": 2, "wall_s": 1.028482282000141, "compiles": 0, "compile_s": 0, "steps": 13, "t_final": 1.0, "T_e0": 26.498823816685412}, {"run": 3, "wall_s": 1.065244446999941, "compiles": 0, "compile_s": 0, "steps": 13, "t_final": 1.0, "T_e0": 26.498823816685412}]}
RUN {"run": 1, "wall_s": 53.19130660000019, "compiles": 53, "compile_s": 24.939597129821777, "steps": 49, "t_final": 1.0, "T_e0": 26.08377913955188}
RUN {"run": 2, "wall_s": 21.18301513399979, "compiles": 0, "compile_s": 0, "steps": 49, "t_final": 1.0, "T_e0": 26.08377913955188}
RUN {"run": 3, "wall_s": 21.409808188999932, "compiles": 0, "compile_s": 0, "steps": 49, "t_final": 1.0, "T_e0": 26.08377913955188}
RESULT {"case": "predictor_corrector", "n_rho": 100, "mode": "dense", "import_s": 2.448926561999997, "process_s": 98.23800950300006, "runs": [{"run": 1, "wall_s": 53.19130660000019, "compiles": 53, "compile_s": 24.939597129821777, "steps": 49, "t_final": 1.0, "T_e0": 26.08377913955188}, {"run": 2, "wall_s": 21.18301513399979, "compiles": 0, "compile_s": 0, "steps": 49, "t_final": 1.0, "T_e0": 26.08377913955188}, {"run": 3, "wall_s": 21.409808188999932, "compiles": 0, "compile_s": 0, "steps": 49, "t_final": 1.0, "T_e0": 26.08377913955188}]}
RUN {"run": 1, "wall_s": 40.724771804000056, "compiles": 53, "compile_s": 28.5754714012146, "steps": 49, "t_final": 1.0, "T_e0": 26.083779139551766}
RUN {"run": 2, "wall_s": 4.8431816419999905, "compiles": 0, "compile_s": 0, "steps": 49, "t_final": 1.0, "T_e0": 26.083779139551766}
RUN {"run": 3, "wall_s": 4.780834790999961, "compiles": 0, "compile_s": 0, "steps": 49, "t_final": 1.0, "T_e0": 26.083779139551766}
RESULT {"case": "predictor_corrector", "n_rho": 100, "mode": "structured", "import_s": 2.4073188599998048, "process_s": 52.762792257, "runs": [{"run": 1, "wall_s": 40.724771804000056, "compiles": 53, "compile_s": 28.5754714012146, "steps": 49, "t_final": 1.0, "T_e0": 26.083779139551766}, {"run": 2, "wall_s": 4.8431816419999905, "compiles": 0, "compile_s": 0, "steps": 49, "t_final": 1.0, "T_e0": 26.083779139551766}, {"run": 3, "wall_s": 4.780834790999961, "compiles": 0, "compile_s": 0, "steps": 49, "t_final": 1.0, "T_e0": 26.083779139551766}]}
