=== 12:30:55 rampup 50 dense (load 0.44)
=== 12:32:14 rampup 50 structured (load 3.01)
=== 12:33:23 rampup 100 dense (load 2.57)
=== 12:35:37 rampup 100 structured (load 4.13)
=== 12:36:59 rampup_global 50 dense (load 3.31)
=== 12:38:33 rampup_global 50 structured (load 3.52)
=== 12:40:05 rampup_global 100 dense (load 3.30)
=== 12:42:21 rampup_global 100 structured (load 3.64)
=== 12:44:02 predictor_corrector 25 dense (load 3.24)
=== 12:44:47 predictor_corrector 25 structured (load 2.55)
=== 12:45:40 predictor_corrector 50 dense (load 1.82)
=== 12:46:35 predictor_corrector 50 structured (load 1.98)
=== 12:47:31 predictor_corrector 100 dense (load 2.44)
=== 12:49:33 predictor_corrector 100 structured (load 2.87)
DRIVER_DONE
un": 2, "wall_s": 10.715736817001016, "compiles": 0, "compile_s": 0, "steps": 40, "t_final": 80.0, "T_e0": 8.573953583921702}, {"run": 3, "wall_s": 10.653075181000531, "compiles": 0, "compile_s": 0, "steps": 40, "t_final": 80.0, "T_e0": 8.573953583921702}]}
RUN {"run": 1, "wall_s": 55.35408869500134, "compiles": 53, "compile_s": 40.90126848220825, "steps": 40, "t_final": 80.0, "T_e0": 8.573953583921817}
RUN {"run": 2, "wall_s": 4.48274136100008, "compiles": 0, "compile_s": 0, "steps": 40, "t_final": 80.0, "T_e0": 8.573953583921817}
RUN {"run": 3, "wall_s": 4.3497156930006895, "compiles": 0, "compile_s": 0, "steps": 40, "t_final": 80.0, "T_e0": 8.573953583921817}
RESULT {"case": "rampup", "n_rho": 50, "mode": "structured", "import_s": 2.8658911570000782, "process_s": 67.06123123399993, "runs": [{"run": 1, "wall_s": 55.35408869500134, "compiles": 53, "compile_s": 40.90126848220825, "steps": 40, "t_final": 80.0, "T_e0": 8.573953583921817}, {"run": 2, "wall_s": 4.48274136100008, "compiles": 0, "compile_s": 0, "steps": 40, "t_final": 80.0, "T_e0": 8.573953583921817}, {"run": 3, "wall_s": 4.3497156930006895, "compiles": 0, "compile_s": 0, "steps": 40, "t_final": 80.0, "T_e0": 8.573953583921817}]}
RUN {"run": 1, "wall_s": 69.02356391300054, "compiles": 53, "compile_s": 31.901612758636475, "steps": 40, "t_final": 80.0, "T_e0": 8.574332954907524}
RUN {"run": 2, "wall_s": 29.23679572400033, "compiles": 0, "compile_s": 0, "steps": 40, "t_final": 80.0, "T_e0": 8.574332954907524}
RUN {"run": 3, "wall_s": 29.779758578999463, "compiles": 0, "compile_s": 0, "steps": 40, "t_final": 80.0, "T_e0": 8.574332954907524}
RESULT {"case": "rampup", "n_rho": 100, "mode": "dense", "import_s": 3.0710181449994707, "process_s": 131.11980499699894, "runs": [{"run": 1, "wall_s": 69.02356391300054, "compiles": 53, "compile_s": 31.901612758636475, "steps": 40, "t_final": 80.0, "T_e0": 8.574332954907524}, {"run": 2, "wall_s": 29.23679572400033, "compiles": 0, "compile_s": 0, "steps": 40, "t_final": 80.0, "T_e0": 8.574332954907524}, {"run": 3, "wall_s": 29.779758578999463, "compiles": 0, "compile_s": 0, "steps": 40, "t_final": 80.0, "T_e0": 8.574332954907524}]}
RUN {"run": 1, "wall_s": 60.28527471400048, "compiles": 53, "compile_s": 42.419888973236084, "steps": 40, "t_final": 80.0, "T_e0": 8.574332954907238}
RUN {"run": 2, "wall_s": 8.011399618999349, "compiles": 0, "compile_s": 0, "steps": 40, "t_final": 80.0, "T_e0": 8.574332954907238}
RUN {"run": 3, "wall_s": 8.031491399000515, "compiles": 0, "compile_s": 0, "steps": 40, "t_final": 80.0, "T_e0": 8.574332954907238}
RESULT {"case": "rampup", "n_rho": 100, "mode": "structured", "import_s": 3.1231531749999704, "process_s": 79.46060417999979, "runs": [{"run": 1, "wall_s": 60.28527471400048, "compiles": 53, "compile_s": 42.419888973236084, "steps": 40, "t_final": 80.0, "T_e0": 8.574332954907238}, {"run": 2, "wall_s": 8.011399618999349, "compiles": 0, "compile_s": 0, "steps": 40, "t_final": 80.0, "T_e0": 8.574332954907238}, {"run": 3, "wall_s": 8.031491399000515, "compiles": 0, "compile_s": 0, "steps": 40, "t_final": 80.0, "T_e0": 8.574332954907238}]}
RUN {"run": 1, "wall_s": 62.93286980599987, "compiles": 60, "compile_s": 41.132890462875366, "steps": 40, "t_final": 80.0, "T_e0": 9.05114766010277}
RUN {"run": 2, "wall_s": 12.940541260999453, "compiles": 0, "compile_s": 0, "steps": 40, "t_final": 80.0, "T_e0": 9.05114766010277}
RUN {"run": 3, "wall_s": 13.031374133999634, "compiles": 0, "compile_s": 0, "steps": 40, "t_final": 80.0, "T_e0": 9.05114766010277}
RESULT {"case": "rampup_global", "n_rho": 50, "mode": "dense", "import_s": 3.2738255900003423, "process_s": 92.18439203699927, "runs": [{"run": 1, "wall_s": 62.93286980599987, "compiles": 60, "compile_s": 41.132890462875366, "steps": 40, "t_final": 80.0, "T_e0": 9.05114766010277}, {"run": 2, "wall_s": 12.940541260999453, "compiles": 0, "compile_s": 0, "steps": 40, "t_final": 80.0, "T_e0": 9.05114766010277}, {"run": 3, "wall_s": 13.031374133999634, "compiles": 0, "compile_s": 0, "steps": 40, "t_final": 80.0, "T_e0": 9.05114766010277}]}
RUN {"run": 1, "wall_s": 74.36613206200127, "compiles": 60, "compile_s": 55.97046399116516, "steps": 40, "t_final": 80.0, "T_e0": 9.051147660102886}
RUN {"run": 2, "wall_s": 5.439265410001099, "compiles": 0, "compile_s": 0, "steps": 40, "t_final": 80.0, "T_e0": 9.051147660102886}
RUN {"run": 3, "wall_s": 5.959882970999388, "compiles": 0, "compile_s": 0, "steps": 40, "t_final": 80.0, "T_e0": 9.051147660102886}
RESULT {"case": "rampup_global", "n_rho": 50, "mode": "structured", "import_s": 3.0935175710001204, "process_s": 88.86890976099858, "runs": [{"run": 1, "wall_s": 74.36613206200127, "compiles": 60, "compile_s": 55.97046399116516, "steps": 40, "t_final": 80.0, "T_e0": 9.051147660102886}, {"run": 2, "wall_s": 5.439265410001099, "compiles": 0, "compile_s": 0, "steps": 40, "t_final": 80.0, "T_e0": 9.051147660102886}, {"run": 3, "wall_s": 5.959882970999388, "compiles": 0, "compile_s": 0, "steps": 40, "t_final": 80.0, "T_e0": 9.051147660102886}]}
RUN {"run": 1, "wall_s": 75.01062685800025, "compiles": 60, "compile_s": 37.518792390823364, "steps": 40, "t_final": 80.0, "T_e0": 9.05277802345775}
RUN {"run": 2, "wall_s": 27.886469228998976, "compiles": 0, "compile_s": 0, "steps": 40, "t_final": 80.0, "T_e0": 9.05277802345775}
RUN {"run": 3, "wall_s": 28.08911460299896, "compiles": 0, "compile_s": 0, "steps": 40, "t_final": 80.0, "T_e0": 9.05277802345775}
RESULT {"case": "rampup_global", "n_rho": 100, "mode": "dense", "import_s": 3.022987807999016, "process_s": 134.0171658399995, "runs": [{"run": 1, "wall_s": 75.01062685800025, "compiles": 60, "compile_s": 37.518792390823364, "steps": 40, "t_final": 80.0, "T_e0": 9.05277802345775}, {"run": 2, "wall_s": 27.886469228998976, "compiles": 0, "compile_s": 0, "steps": 40, "t_final": 80.0, "T_e0": 9.05277802345775}, {"run": 3, "wall_s": 28.08911460299896, "compiles": 0, "compile_s": 0, "steps": 40, "t_final": 80.0, "T_e0": 9.05277802345775}]}
RUN {"run": 1, "wall_s": 77.6758634580001, "compiles": 60, "compile_s": 57.011786460876465, "steps": 40, "t_final": 80.0, "T_e0": 9.052778023458046}
RUN {"run": 2, "wall_s": 8.43852974100082, "compiles": 0, "compile_s": 0, "steps": 40, "t_final": 80.0, "T_e0": 9.052778023458046}
RUN {"run": 3, "wall_s": 8.781688936000137, "compiles": 0, "compile_s": 0, "steps": 40, "t_final": 80.0, "T_e0": 9.052778023458046}
RESULT {"case": "rampup_global", "n_rho": 100, "mode": "structured", "import_s": 2.9672602919999918, "process_s": 97.87204649700107, "runs": [{"run": 1, "wall_s": 77.6758634580001, "compiles": 60, "compile_s": 57.011786460876465, "steps": 40, "t_final": 80.0, "T_e0": 9.052778023458046}, {"run": 2, "wall_s": 8.43852974100082, "compiles": 0, "compile_s": 0, "steps": 40, "t_final": 80.0, "T_e0": 9.052778023458046}, {"run": 3, "wall_s": 8.781688936000137, "compiles": 0, "compile_s": 0, "steps": 40, "t_final": 80.0, "T_e0": 9.052778023458046}]}
RUN {"run": 1, "wall_s": 38.16747156800011, "compiles": 53, "compile_s": 29.706238746643066, "steps": 5, "t_final": 1.0, "T_e0": 26.915002180529154}
RUN {"run": 2, "wall_s": 0.6382344890007516, "compiles": 0, "compile_s": 0, "steps": 5, "t_final": 1.0, "T_e0": 26.915002180529154}
RUN {"run": 3, "wall_s": 0.6437329279997357, "compiles": 0, "compile_s": 0, "steps": 5, "t_final": 1.0, "T_e0": 26.915002180529154}
RESULT {"case": "predictor_corrector", "n_rho": 25, "mode": "dense", "import_s": 3.0761026830004994, "process_s": 42.53211206200103, "runs": [{"run": 1, "wall_s": 38.16747156800011, "compiles": 53, "compile_s": 29.706238746643066, "steps": 5, "t_final": 1.0, "T_e0": 26.915002180529154}, {"run": 2, "wall_s": 0.6382344890007516, "compiles": 0, "compile_s": 0, "steps": 5, "t_final": 1.0, "T_e0": 26.915002180529154}, {"run": 3, "wall_s": 0.6437329279997357, "compiles": 0, "compile_s": 0, "steps": 5, "t_final": 1.0, "T_e0": 26.915002180529154}]}
RUN {"run": 1, "wall_s": 46.60350594500051, "compiles": 53, "compile_s": 36.228076696395874, "steps": 5, "t_final": 1.0, "T_e0": 26.915002180529115}
RUN {"run": 2, "wall_s": 0.5720774829987931, "compiles": 0, "compile_s": 0, "steps": 5, "t_final": 1.0, "T_e0": 26.915002180529115}
RUN {"run": 3, "wall_s": 0.4888718660004088, "compiles": 0, "compile_s": 0, "steps": 5, "t_final": 1.0, "T_e0": 26.915002180529115}
RESULT {"case": "predictor_corrector", "n_rho": 25, "mode": "structured", "import_s": 3.0316315149993898, "process_s": 50.70351837399903, "runs": [{"run": 1, "wall_s": 46.60350594500051, "compiles": 53, "compile_s": 36.228076696395874, "steps": 5, "t_final": 1.0, "T_e0": 26.915002180529115}, {"run": 2, "wall_s": 0.5720774829987931, "compiles": 0, "compile_s": 0, "steps": 5, "t_final": 1.0, "T_e0": 26.915002180529115}, {"run": 3, "wall_s": 0.4888718660004088, "compiles": 0, "compile_s": 0, "steps": 5, "t_final": 1.0, "T_e0": 26.915002180529115}]}
RUN {"run": 1, "wall_s": 41.10280840199994, "compiles": 53, "compile_s": 29.49595880508423, "steps": 13, "t_final": 1.0, "T_e0": 26.498823816685107}
RUN {"run": 2, "wall_s": 4.4149783049997495, "compiles": 0, "compile_s": 0, "steps": 13, "t_final": 1.0, "T_e0": 26.498823816685107}
RUN {"run": 3, "wall_s": 4.146713051999541, "compiles": 0, "compile_s": 0, "steps": 13, "t_final": 1.0, "T_e0": 26.498823816685107}
RESULT {"case": "predictor_corrector", "n_rho": 50, "mode": "dense", "import_s": 3.115669789000094, "process_s": 52.78520109099918, "runs": [{"run": 1, "wall_s": 41.10280840199994, "compiles": 53, "compile_s": 29.49595880508423, "steps": 13, "t_final": 1.0, "T_e0": 26.498823816685107}, {"run": 2, "wall_s": 4.4149783049997495, "compiles": 0, "compile_s": 0, "steps": 13, "t_final": 1.0, "T_e0": 26.498823816685107}, {"run": 3, "wall_s": 4.146713051999541, "compiles": 0, "compile_s": 0, "steps": 13, "t_final": 1.0, "T_e0": 26.498823816685107}]}
RUN {"run": 1, "wall_s": 48.48084014900087, "compiles": 53, "compile_s": 37.17648458480835, "steps": 13, "t_final": 1.0, "T_e0": 26.498823816685206}
RUN {"run": 2, "wall_s": 1.3905084620000707, "compiles": 0, "compile_s": 0, "steps": 13, "t_final": 1.0, "T_e0": 26.498823816685206}
RUN {"run": 3, "wall_s": 1.3780889690006006, "compiles": 0, "compile_s": 0, "steps": 13, "t_final": 1.0, "T_e0": 26.498823816685206}
RESULT {"case": "predictor_corrector", "n_rho": 50, "mode": "structured", "import_s": 2.929102583999338, "process_s": 54.18529047999982, "runs": [{"run": 1, "wall_s": 48.48084014900087, "compiles": 53, "compile_s": 37.17648458480835, "steps": 13, "t_final": 1.0, "T_e0": 26.498823816685206}, {"run": 2, "wall_s": 1.3905084620000707, "compiles": 0, "compile_s": 0, "steps": 13, "t_final": 1.0, "T_e0": 26.498823816685206}, {"run": 3, "wall_s": 1.3780889690006006, "compiles": 0, "compile_s": 0, "steps": 13, "t_final": 1.0, "T_e0": 26.498823816685206}]}
RUN {"run": 1, "wall_s": 63.67210450899984, "compiles": 53, "compile_s": 29.47632598876953, "steps": 49, "t_final": 1.0, "T_e0": 26.08377913955188}
RUN {"run": 2, "wall_s": 26.553455025999938, "compiles": 0, "compile_s": 0, "steps": 49, "t_final": 1.0, "T_e0": 26.08377913955188}
RUN {"run": 3, "wall_s": 26.86985358000129, "compiles": 0, "compile_s": 0, "steps": 49, "t_final": 1.0, "T_e0": 26.08377913955188}
RESULT {"case": "predictor_corrector", "n_rho": 100, "mode": "dense", "import_s": 2.9607735049994517, "process_s": 120.06210093899972, "runs": [{"run": 1, "wall_s": 63.67210450899984, "compiles": 53, "compile_s": 29.47632598876953, "steps": 49, "t_final": 1.0, "T_e0": 26.08377913955188}, {"run": 2, "wall_s": 26.553455025999938, "compiles": 0, "compile_s": 0, "steps": 49, "t_final": 1.0, "T_e0": 26.08377913955188}, {"run": 3, "wall_s": 26.86985358000129, "compiles": 0, "compile_s": 0, "steps": 49, "t_final": 1.0, "T_e0": 26.08377913955188}]}
RUN {"run": 1, "wall_s": 52.7948448520001, "compiles": 53, "compile_s": 36.82665801048279, "steps": 49, "t_final": 1.0, "T_e0": 26.083779139552032}
RUN {"run": 2, "wall_s": 6.676871847001166, "compiles": 0, "compile_s": 0, "steps": 49, "t_final": 1.0, "T_e0": 26.083779139552032}
RUN {"run": 3, "wall_s": 7.186217544000101, "compiles": 0, "compile_s": 0, "steps": 49, "t_final": 1.0, "T_e0": 26.083779139552032}
RESULT {"case": "predictor_corrector", "n_rho": 100, "mode": "structured", "import_s": 2.92160550600056, "process_s": 69.58828232300039, "runs": [{"run": 1, "wall_s": 52.7948448520001, "compiles": 53, "compile_s": 36.82665801048279, "steps": 49, "t_final": 1.0, "T_e0": 26.083779139552032}, {"run": 2, "wall_s": 6.676871847001166, "compiles": 0, "compile_s": 0, "steps": 49, "t_final": 1.0, "T_e0": 26.083779139552032}, {"run": 3, "wall_s": 7.186217544000101, "compiles": 0, "compile_s": 0, "steps": 49, "t_final": 1.0, "T_e0": 26.083779139552032}]}
