=== picard_anderson ===

### rampup dt=2.0: newton its=4, |x*-x_old|=7.206e+00; relative error |x_k - x*|/|x*-x_old| after k=1..:
  picard_pereverzevTrue        9.6e-01 5.2e-01 2.5e-01 1.4e-01 1.6e-01 2.1e-01 2.5e-01 2.7e-01 2.9e-01 3.0e-01 3.0e-01 3.0e-01
  anderson_m2_pereverzevTrue   9.6e-01 8.9e-01 2.2e-01 3.6e-01 3.1e-01 2.8e-01 2.9e-01 3.2e-01 3.1e-01 3.1e-01 3.1e-01 3.2e-01
  anderson_m4_pereverzevTrue   9.6e-01 8.9e-01 2.2e-01 2.8e-01 3.3e-01 2.8e-01 3.0e-01 3.2e-01 3.1e-01 3.0e-01 3.1e-01 3.0e-01
  picard_pereverzevFalse       1.0e+00 1.9e+00 4.7e+00 3.4e+01 3.7e+00 9.5e+00 8.1e+00 4.9e+00 4.4e+00 2.4e+01 4.8e+00 3.0e+01
  anderson_m2_pereverzevFalse  1.0e+00 1.0e+00 1.0e+00 9.7e-01 1.0e+00 1.0e+00 9.3e-01 9.2e-01 9.2e-01 1.5e+00 2.8e+00 4.4e+00
  anderson_m4_pereverzevFalse  1.0e+00 1.0e+00 1.0e+00 9.7e-01 9.6e-01 1.1e+00 1.1e+00 2.0e+00 1.1e+00 8.1e-01 8.7e-01 1.1e+00

### rampup dt=0.5: newton its=4, |x*-x_old|=2.427e+00; relative error |x_k - x*|/|x*-x_old| after k=1..:
  picard_pereverzevTrue        9.3e-01 6.6e-01 1.2e+00 1.3e+00 1.3e+00 1.2e+00 1.0e+00 9.4e-01 8.5e-01 7.9e-01 7.5e-01 7.2e-01
  anderson_m2_pereverzevTrue   9.3e-01 9.8e-01 1.2e+00 1.2e+00 7.7e-01 6.2e-01 6.2e-01 6.7e-01 6.6e-01 6.5e-01 6.6e-01 6.4e-01
  anderson_m4_pereverzevTrue   9.3e-01 9.8e-01 1.2e+00 9.4e-01 7.6e-01 5.2e-01 6.1e-01 6.5e-01 6.6e-01 6.4e-01 5.7e-01 5.5e-01
  picard_pereverzevFalse       1.0e+00 1.8e+00 8.0e+00 2.5e+00 1.8e+01 2.8e+01 6.3e+00 9.2e+00 2.2e+01 1.3e+01 1.6e+01 3.8e+01
  anderson_m2_pereverzevFalse  1.0e+00 1.0e+00 1.0e+00 1.1e+00 1.1e+00 9.9e-01 1.2e+00 1.1e+00 1.1e+00 9.7e-01 1.0e+00 9.2e-01
  anderson_m4_pereverzevFalse  1.0e+00 1.0e+00 1.0e+00 1.0e+00 1.0e+00 1.0e+00 1.0e+00 9.8e-01 1.0e+00 1.0e+00 1.3e+00 1.2e+00

### rampup dt=0.1: newton its=4, |x*-x_old|=4.231e-01; relative error |x_k - x*|/|x*-x_old| after k=1..:
  picard_pereverzevTrue        9.6e-01 8.0e+00 6.4e+00 3.5e+00 1.6e+00 7.0e-01 5.6e-01 5.9e-01 6.7e-01 7.8e-01 9.0e-01 9.9e-01
  anderson_m2_pereverzevTrue   9.6e-01 9.8e-01 1.5e+00 1.5e+00 8.6e-01 1.1e+00 8.1e-01 1.2e+00 1.3e+00 1.2e+00 1.2e+00 1.1e+00
  anderson_m4_pereverzevTrue   9.6e-01 9.8e-01 1.5e+00 1.0e+00 4.6e-01 1.4e+00 1.9e+00 1.4e+00 1.0e+00 1.1e+00 8.6e-01 8.4e-01
  picard_pereverzevFalse       1.0e+00 7.7e-01 5.3e+00 6.8e+00 2.1e+01 1.1e+01 3.4e+01 4.5e+01 1.1e+01 5.5e+00 2.3e+01 5.9e+00
  anderson_m2_pereverzevFalse  1.0e+00 9.6e-01 9.5e-01 8.5e-01 8.1e-01 9.5e-01 6.8e-01 1.2e+00 1.6e+00 1.8e+00 1.5e+00 2.1e+00
  anderson_m4_pereverzevFalse  1.0e+00 9.6e-01 9.5e-01 9.7e-01 8.8e-01 6.5e-01 2.8e-01 3.1e-01 3.5e-01 3.7e-01 3.3e-01 3.0e-01

### rampup dt=0.02: newton its=4, |x*-x_old|=1.066e-01; relative error |x_k - x*|/|x*-x_old| after k=1..:
  picard_pereverzevTrue        1.1e+00 1.1e+01 3.1e+00 4.5e+00 3.1e+00 2.2e+00 2.2e+00 2.3e+00 2.2e+00 2.1e+00 1.9e+00 1.8e+00
  anderson_m2_pereverzevTrue   1.1e+00 1.0e+00 1.0e+00 3.0e+00 2.4e+00 2.6e+00 4.9e+00 1.8e+00 1.8e+00 1.7e+00 1.6e+00 1.5e+00
  anderson_m4_pereverzevTrue   1.1e+00 1.0e+00 1.0e+00 7.6e-01 3.2e+00 2.0e+00 1.8e+00 1.9e+00 1.7e+00 1.6e+00 1.4e+00 1.4e+00
  picard_pereverzevFalse       1.1e+00 2.0e-01 1.1e+00 1.2e+00 1.1e+00 3.1e+00 3.4e+00 1.4e+00 2.2e+00 4.3e+00 4.8e+00 3.9e+00
  anderson_m2_pereverzevFalse  1.1e+00 9.2e-01 8.7e-01 7.2e-01 4.9e-01 5.0e-01 5.3e-01 6.8e-01 3.4e-01 1.0e+00 4.0e-01 2.1e-01
  anderson_m4_pereverzevFalse  1.1e+00 9.2e-01 8.7e-01 7.2e-01 7.0e-01 4.1e-01 5.1e-01 4.9e-01 5.1e-01 3.1e-01 3.3e-01 4.2e-01
DONE
PA_DONE
