baseline n_rho=25 noise=0.0: frobenius 2.6e-15, worst row 1.3e-14
baseline n_rho=25 noise=0.05: frobenius 1.8e-15, worst row 2.3e-14
baseline n_rho=25 noise=0.2: frobenius 3.4e-16, worst row 2.2e-15
global_rotation n_rho=25 noise=0.0: frobenius 2.0e-15, worst row 1.1e-14
global_rotation n_rho=25 noise=0.05: frobenius 1.4e-15, worst row 3.6e-14
global_rotation n_rho=25 noise=0.2: frobenius 0.0e+00, worst row 0.0e+00 (non-finite: structured 2400, dense 9700)
implicit_mtanh_grid n_rho=25 noise=0.0: frobenius 1.9e-15, worst row 1.1e-14
implicit_mtanh_grid n_rho=25 noise=0.05: frobenius 3.7e-15, worst row 2.5e-14
implicit_mtanh_grid n_rho=25 noise=0.2: frobenius 6.2e-16, worst row 4.9e-15
implicit_mtanh_grid n_rho=50 noise=0.0: frobenius 2.3e-15, worst row 4.5e-14
implicit_mtanh_grid n_rho=50 noise=0.05: frobenius 1.7e-15, worst row 2.6e-14
implicit_mtanh_grid n_rho=50 noise=0.2: frobenius 7.2e-16, worst row 7.4e-15
beta_pol n_rho=25 noise=0.0: frobenius 2.6e-15, worst row 1.3e-14
beta_pol n_rho=25 noise=0.05: frobenius 1.8e-15, worst row 2.3e-14
beta_pol n_rho=25 noise=0.2: frobenius 3.4e-16, worst row 2.2e-15
beta_pol n_rho=50 noise=0.0: frobenius 4.1e-15, worst row 9.0e-14
beta_pol n_rho=50 noise=0.05: frobenius 1.8e-15, worst row 4.7e-14
beta_pol n_rho=50 noise=0.2: frobenius 6.6e-16, worst row 5.3e-15
lh_transition n_rho=25 noise=0.0: frobenius 2.9e-16, worst row 2.4e-15
lh_transition n_rho=25 noise=0.05: frobenius 1.6e-15, worst row 5.1e-15
lh_transition n_rho=25 noise=0.2: frobenius 7.8e-17, worst row 3.5e-16
lh_transition n_rho=50 noise=0.0: frobenius 4.3e-16, worst row 4.3e-15
lh_transition n_rho=50 noise=0.05: frobenius 2.4e-15, worst row 1.0e-14
lh_transition n_rho=50 noise=0.2: frobenius 4.5e-16, worst row 6.0e-15
lh_transition_implicit n_rho=25 noise=0.0: frobenius 2.9e-16, worst row 2.4e-15
lh_transition_implicit n_rho=25 noise=0.05: frobenius 1.6e-15, worst row 5.1e-15
lh_transition_implicit n_rho=25 noise=0.2: frobenius 7.8e-17, worst row 3.5e-16
prescribed_timedependent_ne n_rho=25 noise=0.0: frobenius 2.3e-15, worst row 1.4e-14
prescribed_timedependent_ne n_rho=25 noise=0.05: frobenius 1.4e-15, worst row 3.1e-15
prescribed_timedependent_ne n_rho=25 noise=0.2: frobenius 2.9e-16, worst row 8.8e-16
rotation_grid n_rho=25 noise=0.0: frobenius 2.7e-15, worst row 2.0e-14
rotation_grid n_rho=25 noise=0.05: frobenius 6.8e-15, worst row 6.4e-14
rotation_grid n_rho=25 noise=0.2: frobenius 5.0e-16, worst row 7.9e-15
axis_020 n_rho=16 noise=0.0: frobenius 2.6e-15, worst row 6.7e-15
axis_020 n_rho=16 noise=0.05: frobenius 3.8e-16, worst row 4.8e-15
axis_020 n_rho=16 noise=0.2: frobenius 1.2e-16, worst row 3.0e-15
axis_050 n_rho=10 noise=0.0: frobenius 9.7e-16, worst row 1.3e-15
axis_050 n_rho=10 noise=0.05: frobenius 1.1e-15, worst row 3.5e-15
axis_050 n_rho=10 noise=0.2: frobenius 2.8e-16, worst row 2.8e-15
axis_100 n_rho=8 noise=0.0: frobenius 7.2e-16, worst row 8.2e-16
axis_100 n_rho=8 noise=0.05: frobenius 2.0e-15, worst row 9.7e-15
axis_100 n_rho=8 noise=0.2: frobenius 2.5e-16, worst row 5.0e-16
GAPS_DONE
