=== 01:39:37 baseline 25 2
RESULT baseline n_rho=25 mode=dense steps=10 t_end=2.000 newton=50 wall=36.5s SimError.NO_ERROR
RESULT baseline n_rho=25 mode=structured steps=10 t_end=2.000 newton=50 wall=53.1s SimError.NO_ERROR
=== 01:41:15 implicit_mtanh_grid 25 2
RESULT implicit_mtanh_grid n_rho=25 mode=dense steps=11 t_end=2.000 newton=47 wall=36.7s SimError.NO_ERROR
RESULT implicit_mtanh_grid n_rho=25 mode=structured steps=11 t_end=2.000 newton=47 wall=55.7s SimError.NO_ERROR
=== 01:42:55 beta_pol 25 2
RESULT beta_pol n_rho=25 mode=dense steps=33 t_end=2.000 newton=69 wall=39.1s SimError.NO_ERROR
RESULT beta_pol n_rho=25 mode=structured steps=33 t_end=2.000 newton=69 wall=58.6s SimError.NO_ERROR
=== 01:44:40 global_rotation 25 2
RESULT global_rotation n_rho=25 mode=dense steps=14 t_end=2.000 newton=155 wall=47.4s SimError.NO_ERROR
RESULT global_rotation n_rho=25 mode=structured steps=14 t_end=2.000 newton=155 wall=69.8s SimError.NO_ERROR
=== 01:46:46 rotation_grid 25 2
RESULT rotation_grid n_rho=25 mode=dense steps=9 t_end=2.000 newton=72 wall=43.6s SimError.NO_ERROR
RESULT rotation_grid n_rho=25 mode=structured steps=9 t_end=2.000 newton=72 wall=71.8s SimError.NO_ERROR
=== 01:48:49 axis_020 16 2
RESULT axis_020 n_rho=16 mode=dense steps=9 t_end=2.000 newton=53 wall=54.3s SimError.NO_ERROR
RESULT axis_020 n_rho=16 mode=structured steps=9 t_end=2.000 newton=53 wall=73.6s SimError.NO_ERROR
=== 01:51:05 axis_050 10 2
RESULT axis_050 n_rho=10 mode=dense steps=5 t_end=2.000 newton=23 wall=53.9s SimError.NO_ERROR
RESULT axis_050 n_rho=10 mode=structured steps=5 t_end=2.000 newton=23 wall=71.4s SimError.NO_ERROR
=== 01:53:18 prescribed_timedependent_ne 25 10
RESULT prescribed_timedependent_ne n_rho=25 mode=dense steps=23 t_end=10.000 newton=85 wall=34.1s SimError.NO_ERROR
RESULT prescribed_timedependent_ne n_rho=25 mode=structured steps=23 t_end=10.000 newton=85 wall=46.6s SimError.NO_ERROR
=== 01:54:46 lh_transition 25 60
RESULT lh_transition n_rho=25 mode=dense steps=945 t_end=60.000 newton=5850 wall=144.2s SimError.NO_ERROR
RESULT lh_transition n_rho=25 mode=structured steps=945 t_end=60.000 newton=5850 wall=239.1s SimError.NO_ERROR
=== 02:01:19 lh_transition_implicit 25 60
RESULT lh_transition_implicit n_rho=25 mode=dense steps=945 t_end=60.000 newton=5850 wall=147.1s SimError.NO_ERROR
RESULT lh_transition_implicit n_rho=25 mode=structured steps=945 t_end=60.000 newton=5850 wall=237.0s SimError.NO_ERROR
axis_020                     n_rho= 16 steps 9/9 newton 53/53 coarse 0/0 t_end 2.00/2.00 max rel diff 8.3e-15 steps with chi_e<0.99 above rho 0.9: 10 wall 54/74 s
axis_050                     n_rho= 10 steps 5/5 newton 23/23 coarse 0/0 t_end 2.00/2.00 max rel diff 1.9e-14 steps with chi_e<0.99 above rho 0.9: 6 wall 54/71 s
baseline                     n_rho= 25 steps 10/10 newton 50/50 coarse 0/0 t_end 2.00/2.00 max rel diff 8.1e-15 steps with chi_e<0.99 above rho 0.9: 11 wall 36/53 s
beta_pol                     n_rho= 25 steps 33/33 newton 69/69 coarse 0/0 t_end 2.00/2.00 max rel diff 1.7e-14 steps with chi_e<0.99 above rho 0.9: 0 wall 39/59 s
global_rotation              n_rho= 25 steps 14/14 newton 155/155 coarse 0/0 t_end 2.00/2.00 max rel diff 2.6e-12 steps with chi_e<0.99 above rho 0.9: 15 wall 47/70 s
implicit_mtanh_grid          n_rho= 25 steps 11/11 newton 47/47 coarse 0/0 t_end 2.00/2.00 max rel diff 9.1e-15 steps with chi_e<0.99 above rho 0.9: 12 wall 37/56 s
lh_transition                n_rho= 25 steps 945/945 newton 5850/5850 coarse 0/0 t_end 60.00/60.00 max rel diff 1.8e-12 steps with chi_e<0.99 above rho 0.9: 344 wall 144/239 s
lh_transition_implicit       n_rho= 25 steps 945/945 newton 5850/5850 coarse 0/0 t_end 60.00/60.00 max rel diff 4.2e-13 steps with chi_e<0.99 above rho 0.9: 344 wall 147/237 s
prescribed_timedependent_ne  n_rho= 25 steps 23/23 newton 85/85 coarse 0/0 t_end 10.00/10.00 max rel diff 4.3e-15 steps with chi_e<0.99 above rho 0.9: 24 wall 34/47 s
rotation_grid                n_rho= 25 steps 9/9 newton 72/72 coarse 0/0 t_end 2.00/2.00 max rel diff 2.1e-14 steps with chi_e<0.99 above rho 0.9: 10 wall 44/72 s
E2E_DONE
