01:24:06 build_runtime_params_test.py: Ran 28 tests in 11.314s OK  (15 s)
01:24:10 numerics_test.py: Ran 2 tests in 0.328s OK  (4 s)
01:24:14 runtime_params_test.py: Ran 1 test in 0.674s OK  (4 s)
01:24:26 calc_coeffs_test.py: Ran 5 tests in 7.587s OK  (12 s)
01:24:31 cell_variable_test.py: Ran 33 tests in 1.954s OK  (5 s)
01:24:35 diffusion_terms_test.py: Ran 4 tests in 0.892s OK  (4 s)
01:25:20 fvm_test.py: Ran 17 tests in 40.867s OK  (45 s)
01:25:59 beta_poloidal_prime_test.py: Ran 8 tests in 35.797s OK  (39 s)
01:26:11 builder_test.py: Ran 4 tests in 7.257s OK  (12 s)
01:26:15 internal_boundary_conditions_test.py: Ran 13 tests in 0.875s OK  (4 s)
01:30:16 run_simulation_test.py: Ran 4 tests in 233.974s OK  (241 s)
01:34:47 step_function_jax_transforms_test.py: Ran 4 tests in 265.340s OK  (271 s)
01:35:03 step_function_processing_test.py: Ran 26 tests in 12.470s OK  (16 s)
01:36:32 step_function_test.py: Ran 15 tests in 84.033s OK  (89 s)
01:37:05 post_processing_test.py: Ran 4 tests in 29.755s OK  (33 s)
01:37:13 no_pedestal_test.py: Ran 1 test in 4.897s OK  (8 s)
01:37:18 pedestal_model_output_test.py: Ran 3 tests in 2.783s OK  (5 s)
01:37:22 pedestal_transition_state_test.py: Ran 8 tests in 0.447s OK  (4 s)
01:37:25 pydantic_model_test.py: Ran 8 tests in 0.164s OK  (3 s)
01:37:28 register_model_test.py: Ran 2 tests in 0.100s OK  (3 s)
01:37:40 set_pped_tpedratio_nped_test.py: Ran 17 tests in 8.946s OK  (12 s)
01:37:52 set_tped_nped_test.py: Ran 32 tests in 8.789s OK  (12 s)
01:38:06 psi_calculations_test.py: Ran 18 tests in 11.364s OK  (14 s)
01:38:15 jax_root_finding_test.py: Ran 4 tests in 5.607s OK  (9 s)
01:38:18 pydantic_model_test.py: Ran 7 tests in 0.171s OK  (3 s)
01:44:09 structured_jacobian_test.py: Ran 11 tests in 345.306s OK  (351 s)
01:44:27 toric_nn_test.py: Ran 26 tests in 14.465s OK  (18 s)
01:44:38 constant_fraction_impurity_radiation_heat_sink_test.py: Ran 9 tests in 6.006s OK  (11 s)
01:44:43 cyclotron_radiation_heat_sink_test.py: Ran 432 tests in 1.541s OK  (5 s)
01:44:48 ion_cyclotron_source_test.py: Ran 14 tests in 0.297s OK  (5 s)
01:44:57 source_profile_builders_test.py: Ran 7 tests in 6.249s OK  (9 s)
01:45:01 source_test.py: Ran 7 tests in 0.098s OK  (4 s)
01:45:05 model_config_test.py: Ran 46 tests in 1.635s OK  (4 s)
01:45:15 qlknn_transport_model_test.py: Ran 23 tests in 5.567s OK  (10 s)
01:45:29 transport_coefficients_builder_test.py: Ran 1 test in 9.703s OK  (14 s)
01:45:32 transport_coeffs_test.py: Ran 7 tests in 0.495s OK  (3 s)
01:45:50 transport_model_test.py: Ran 19 tests in 14.644s OK  (18 s)
01:45:59 gas_puff_feedback_source_test.py: Ran 9 tests in 5.027s OK  (9 s)
01:46:19 pedestal_test.py: Ran 1 test in 16.101s OK  (20 s)
01:46:50 transport_test.py: Ran 4 tests in 26.802s OK  (31 s)
UNITS_DONE
